// Jest Snapshot v1, https://goo.gl/fbAQLP

exports[`testing things renders the component correctly 1`] = `
Array [
  <h1
    className="header"
  >
    HEADER Component
  </h1>,
  <ul />,
]
`;
